// Jest Snapshot v1, https://goo.gl/fbAQLP

exports[`removeActionsFromBlocks is successfull 1`] = `undefined`;
